<?xml version="1.0" encoding="utf-8"?>
<?AutomationStudio Version="4.12.4.107 SP"?>
<Objects>
  <Object
    Path="C:\Users\Denis\Desktop\7 sem\Pomer\lab1_GGO\Logical\Package.pkg"
    LogicalPath=""
    Type="Package.ParentUnknown"
    LastWriteTime="133386442182811675" />
  <Object
    Path="C:\Users\Denis\Desktop\7 sem\Pomer\lab1_GGO\Logical\Global.typ"
    LogicalPath="Global.typ"
    Type="File"
    LastWriteTime="133386437135863806"
    Private="false" />
  <Object
    Path="C:\Users\Denis\Desktop\7 sem\Pomer\lab1_GGO\Logical\Global.var"
    LogicalPath="Global.var"
    Type="File"
    LastWriteTime="133386437136020007"
    Private="false" />
  <Object
    Path="C:\Users\Denis\Desktop\7 sem\Pomer\lab1_GGO\Logical\Libraries\Package.pkg"
    LogicalPath="Libraries"
    Type="Package"
    LastWriteTime="133386450373043993" />
  <Object
    Path="C:\Users\Denis\Desktop\7 sem\Pomer\lab1_GGO\Logical\Libraries\operator\binary.lby"
    LogicalPath="Libraries.operator"
    Type="Library"
    LastWriteTime="133386437155546959" />
  <Object
    Path="C:\Users\Denis\Desktop\7 sem\Pomer\lab1_GGO\Logical\Libraries\operator\operator.fun"
    LogicalPath="Libraries.operator.operator.fun"
    Type="File"
    LastWriteTime="133386437155390773"
    Private="false" />
  <Object
    Path="C:\Users\Denis\Desktop\7 sem\Pomer\lab1_GGO\Logical\Libraries\operator\operator.typ"
    LogicalPath="Libraries.operator.operator.typ"
    Type="File"
    LastWriteTime="133386437155390773"
    Private="false" />
  <Object
    Path="C:\Users\Denis\Desktop\7 sem\Pomer\lab1_GGO\Logical\Libraries\operator\operator.var"
    LogicalPath="Libraries.operator.operator.var"
    Type="File"
    LastWriteTime="133386437155390773"
    Private="false" />
  <Object
    Path="C:\Users\Denis\Desktop\7 sem\Pomer\lab1_GGO\Logical\Libraries\runtime\binary.lby"
    LogicalPath="Libraries.runtime"
    Type="Library"
    LastWriteTime="133386437158827278" />
  <Object
    Path="C:\Users\Denis\Desktop\7 sem\Pomer\lab1_GGO\Logical\Libraries\runtime\runtime.fun"
    LogicalPath="Libraries.runtime.runtime.fun"
    Type="File"
    LastWriteTime="133386437158671235"
    Private="false" />
  <Object
    Path="C:\Users\Denis\Desktop\7 sem\Pomer\lab1_GGO\Logical\Libraries\runtime\runtime.typ"
    LogicalPath="Libraries.runtime.runtime.typ"
    Type="File"
    LastWriteTime="133386437158827278"
    Private="false" />
  <Object
    Path="C:\Users\Denis\Desktop\7 sem\Pomer\lab1_GGO\Logical\Libraries\runtime\runtime.var"
    LogicalPath="Libraries.runtime.runtime.var"
    Type="File"
    LastWriteTime="133386437158827278"
    Private="false" />
  <Object
    Path="C:\Users\Denis\Desktop\7 sem\Pomer\lab1_GGO\Logical\Libraries\astime\binary.lby"
    LogicalPath="Libraries.astime"
    Type="Library"
    LastWriteTime="133386437162263832" />
  <Object
    Path="C:\Users\Denis\Desktop\7 sem\Pomer\lab1_GGO\Logical\Libraries\astime\astime.fun"
    LogicalPath="Libraries.astime.astime.fun"
    Type="File"
    LastWriteTime="133386437162108465"
    Private="false" />
  <Object
    Path="C:\Users\Denis\Desktop\7 sem\Pomer\lab1_GGO\Logical\Libraries\astime\astime.typ"
    LogicalPath="Libraries.astime.astime.typ"
    Type="File"
    LastWriteTime="133386437162108465"
    Private="false" />
  <Object
    Path="C:\Users\Denis\Desktop\7 sem\Pomer\lab1_GGO\Logical\Libraries\astime\astime.var"
    LogicalPath="Libraries.astime.astime.var"
    Type="File"
    LastWriteTime="133386437162108465"
    Private="false" />
  <Object
    Path="C:\Users\Denis\Desktop\7 sem\Pomer\lab1_GGO\Logical\Libraries\AsIecCon\binary.lby"
    LogicalPath="Libraries.AsIecCon"
    Type="Library"
    LastWriteTime="133386437165544294" />
  <Object
    Path="C:\Users\Denis\Desktop\7 sem\Pomer\lab1_GGO\Logical\Libraries\AsIecCon\AsIecCon.fun"
    LogicalPath="Libraries.AsIecCon.AsIecCon.fun"
    Type="File"
    LastWriteTime="133386437165388081"
    Private="false" />
  <Object
    Path="C:\Users\Denis\Desktop\7 sem\Pomer\lab1_GGO\Logical\Libraries\AsIecCon\AsIecCon.typ"
    LogicalPath="Libraries.AsIecCon.AsIecCon.typ"
    Type="File"
    LastWriteTime="133386437165388081"
    Private="false" />
  <Object
    Path="C:\Users\Denis\Desktop\7 sem\Pomer\lab1_GGO\Logical\Libraries\AsIecCon\AsIecCon.var"
    LogicalPath="Libraries.AsIecCon.AsIecCon.var"
    Type="File"
    LastWriteTime="133386437165388081"
    Private="false" />
  <Object
    Path="C:\Users\Denis\Desktop\7 sem\Pomer\lab1_GGO\Logical\Libraries\Coollb\ANSIC.lby"
    LogicalPath="Libraries.Coollb"
    Type="Library"
    LastWriteTime="133398505094718645" />
  <Object
    Path="C:\Users\Denis\Desktop\7 sem\Pomer\lab1_GGO\Logical\Libraries\Coollb\Types.typ"
    LogicalPath="Libraries.Coollb.Types.typ"
    Type="File"
    LastWriteTime="133386449594352721"
    Private="false" />
  <Object
    Path="C:\Users\Denis\Desktop\7 sem\Pomer\lab1_GGO\Logical\Libraries\Coollb\Constants.var"
    LogicalPath="Libraries.Coollb.Constants.var"
    Type="File"
    LastWriteTime="133412638154833129"
    Private="false" />
  <Object
    Path="C:\Users\Denis\Desktop\7 sem\Pomer\lab1_GGO\Logical\Libraries\Coollb\Coollb.fun"
    LogicalPath="Libraries.Coollb.Coollb.fun"
    Type="File"
    LastWriteTime="133402110181746101"
    Private="false" />
  <Object
    Path="C:\Users\Denis\Desktop\7 sem\Pomer\lab1_GGO\Logical\Libraries\Coollb\FB_motor.c"
    LogicalPath="Libraries.Coollb.FB_motor.c"
    Type="File"
    LastWriteTime="133402109422063839"
    Private="false" />
  <Object
    Path="C:\Users\Denis\Desktop\7 sem\Pomer\lab1_GGO\Logical\Libraries\Coollb\FB_Integrator.c"
    LogicalPath="Libraries.Coollb.FB_Integrator.c"
    Type="File"
    LastWriteTime="133398546825250028"
    Private="false" />
  <Object
    Path="C:\Users\Denis\Desktop\7 sem\Pomer\lab1_GGO\Logical\Libraries\Coollb\FB_Controller.c"
    LogicalPath="Libraries.Coollb.FB_Controller.c"
    Type="File"
    LastWriteTime="133402109008849975"
    Private="false" />
  <Object
    Path="C:\Users\Denis\Desktop\7 sem\Pomer\lab1_GGO\Logical\Program\ANSIC.prg"
    LogicalPath="Program"
    Type="Program"
    LastWriteTime="133386442182731605" />
  <Object
    Path="C:\Users\Denis\Desktop\7 sem\Pomer\lab1_GGO\Logical\Program\Main.c"
    LogicalPath="Program.Main.c"
    Type="File"
    LastWriteTime="133415129947488116"
    Private="false" />
  <Object
    Path="C:\Users\Denis\Desktop\7 sem\Pomer\lab1_GGO\Logical\Program\Types.typ"
    LogicalPath="Program.Types.typ"
    Type="File"
    LastWriteTime="133386442182701746"
    Private="true" />
  <Object
    Path="C:\Users\Denis\Desktop\7 sem\Pomer\lab1_GGO\Logical\Program\Variables.var"
    LogicalPath="Program.Variables.var"
    Type="File"
    LastWriteTime="133402109802612627"
    Private="true" />
  <Object
    Path="C:\Users\Denis\Desktop\7 sem\Pomer\lab1_GGO\Physical\Config1\Config.pkg"
    LogicalPath="Config1"
    Type="Configuration.ParentUnknown"
    LastWriteTime="133386437196630706" />
  <Object
    Path="C:\Users\Denis\Desktop\7 sem\Pomer\lab1_GGO\Physical\Config1\Hardware.hw"
    LogicalPath="Config1.Hardware.hw"
    Type="File"
    LastWriteTime="133412617397327579"
    Private="false" />
  <Object
    Path="C:\Users\Denis\Desktop\7 sem\Pomer\lab1_GGO\Physical\Config1\Hardware.hwl"
    LogicalPath="Config1.Hardware.hwl"
    Type="File"
    LastWriteTime="133411496207286799"
    Private="false" />
  <Object
    Path="C:\Users\Denis\Desktop\7 sem\Pomer\lab1_GGO\Physical\Config1\4PP065_0571_P74\Cpu.pkg"
    LogicalPath="Config1.4PP065_0571_P74"
    Type="Cpu"
    LastWriteTime="133412666466117684" />
  <Object
    Path="C:\Users\Denis\Desktop\7 sem\Pomer\lab1_GGO\Physical\Config1\4PP065_0571_P74\Cpu.sw"
    LogicalPath="Config1.4PP065_0571_P74.Cpu.sw"
    Type="File"
    LastWriteTime="133412625004138947"
    Private="false" />
  <Object
    Path="C:\Users\Denis\Desktop\7 sem\Pomer\lab1_GGO\Physical\Config1\4PP065_0571_P74\Cpu.per"
    LogicalPath="Config1.4PP065_0571_P74.Cpu.per"
    Type="File"
    LastWriteTime="133386437168980991"
    Private="false" />
  <Object
    Path="C:\Users\Denis\Desktop\7 sem\Pomer\lab1_GGO\Physical\Config1\4PP065_0571_P74\IoMap.iom"
    LogicalPath="Config1.4PP065_0571_P74.IoMap.iom"
    Type="File"
    LastWriteTime="133386437168980991"
    Private="false" />
  <Object
    Path="C:\Users\Denis\Desktop\7 sem\Pomer\lab1_GGO\Physical\Config1\4PP065_0571_P74\PvMap.vvm"
    LogicalPath="Config1.4PP065_0571_P74.PvMap.vvm"
    Type="File"
    LastWriteTime="133386437169137200"
    Private="false" />
  <Object
    Path="C:\Users\Denis\Desktop\7 sem\Pomer\lab1_GGO\Physical\Config1\4PP065_0571_P74\Connectivity\Package.pkg"
    LogicalPath="Config1.4PP065_0571_P74.Connectivity"
    Type="Package"
    LastWriteTime="133386437170230688" />
  <Object
    Path="C:\Users\Denis\Desktop\7 sem\Pomer\lab1_GGO\Physical\Config1\4PP065_0571_P74\Connectivity\OpcUA\Package.pkg"
    LogicalPath="Config1.4PP065_0571_P74.Connectivity.OpcUA"
    Type="Package"
    LastWriteTime="133386437170230688" />
  <Object
    Path="C:\Users\Denis\Desktop\7 sem\Pomer\lab1_GGO\Physical\Config1\4PP065_0571_P74\TextSystem\Package.pkg"
    LogicalPath="Config1.4PP065_0571_P74.TextSystem"
    Type="Package"
    LastWriteTime="133386437170387188" />
  <Object
    Path="C:\Users\Denis\Desktop\7 sem\Pomer\lab1_GGO\Physical\Config1\4PP065_0571_P74\UnitSystem\Package.pkg"
    LogicalPath="Config1.4PP065_0571_P74.UnitSystem"
    Type="Package"
    LastWriteTime="133386437170543114" />
  <Object
    Path="C:\Users\Denis\Desktop\7 sem\Pomer\lab1_GGO\Physical\Config1\4PP065_0571_P74\AccessAndSecurity\Package.pkg"
    LogicalPath="Config1.4PP065_0571_P74.AccessAndSecurity"
    Type="Package"
    LastWriteTime="133386437171792819" />
  <Object
    Path="C:\Users\Denis\Desktop\7 sem\Pomer\lab1_GGO\Physical\Config1\4PP065_0571_P74\AccessAndSecurity\UserRoleSystem\Package.pkg"
    LogicalPath="Config1.4PP065_0571_P74.AccessAndSecurity.UserRoleSystem"
    Type="Package"
    LastWriteTime="133386437170855547" />
  <Object
    Path="C:\Users\Denis\Desktop\7 sem\Pomer\lab1_GGO\Physical\Config1\4PP065_0571_P74\AccessAndSecurity\UserRoleSystem\Role.role"
    LogicalPath="Config1.4PP065_0571_P74.AccessAndSecurity.UserRoleSystem.Role.role"
    Type="File"
    LastWriteTime="133386437170855547"
    Private="false" />
  <Object
    Path="C:\Users\Denis\Desktop\7 sem\Pomer\lab1_GGO\Physical\Config1\4PP065_0571_P74\AccessAndSecurity\UserRoleSystem\User.user"
    LogicalPath="Config1.4PP065_0571_P74.AccessAndSecurity.UserRoleSystem.User.user"
    Type="File"
    LastWriteTime="133386437170855547"
    Private="false" />
  <Object
    Path="C:\Users\Denis\Desktop\7 sem\Pomer\lab1_GGO\Physical\Config1\4PP065_0571_P74\AccessAndSecurity\CertificateStore\Package.pkg"
    LogicalPath="Config1.4PP065_0571_P74.AccessAndSecurity.CertificateStore"
    Type="Package"
    LastWriteTime="133386437171636617" />
  <Object
    Path="C:\Users\Denis\Desktop\7 sem\Pomer\lab1_GGO\Physical\Config1\4PP065_0571_P74\AccessAndSecurity\CertificateStore\OwnCertificates\Package.pkg"
    LogicalPath="Config1.4PP065_0571_P74.AccessAndSecurity.CertificateStore.OwnCertificates"
    Type="Package"
    LastWriteTime="133386437171167968" />
  <Object
    Path="C:\Users\Denis\Desktop\7 sem\Pomer\lab1_GGO\Physical\Config1\4PP065_0571_P74\AccessAndSecurity\CertificateStore\OwnCertificates\Certificates\Package.pkg"
    LogicalPath="Config1.4PP065_0571_P74.AccessAndSecurity.CertificateStore.OwnCertificates.Certificates"
    Type="Package"
    LastWriteTime="133386437171011755" />
  <Object
    Path="C:\Users\Denis\Desktop\7 sem\Pomer\lab1_GGO\Physical\Config1\4PP065_0571_P74\AccessAndSecurity\CertificateStore\OwnCertificates\PrivateKeys\Package.pkg"
    LogicalPath="Config1.4PP065_0571_P74.AccessAndSecurity.CertificateStore.OwnCertificates.PrivateKeys"
    Type="Package"
    LastWriteTime="133386437171167968" />
  <Object
    Path="C:\Users\Denis\Desktop\7 sem\Pomer\lab1_GGO\Physical\Config1\4PP065_0571_P74\AccessAndSecurity\CertificateStore\ThirdPartyCertificates\Package.pkg"
    LogicalPath="Config1.4PP065_0571_P74.AccessAndSecurity.CertificateStore.ThirdPartyCertificates"
    Type="Package"
    LastWriteTime="133386437171324177" />
  <Object
    Path="C:\Users\Denis\Desktop\7 sem\Pomer\lab1_GGO\Physical\Config1\4PP065_0571_P74\AccessAndSecurity\CertificateStore\ThirdPartyCertificates\SoftwareCertificates\Package.pkg"
    LogicalPath="Config1.4PP065_0571_P74.AccessAndSecurity.CertificateStore.ThirdPartyCertificates.SoftwareCertificates"
    Type="Package"
    LastWriteTime="133386437171324177" />
  <Object
    Path="C:\Users\Denis\Desktop\7 sem\Pomer\lab1_GGO\Physical\Config1\4PP065_0571_P74\AccessAndSecurity\CertificateStore\CertificateRevocationLists\Package.pkg"
    LogicalPath="Config1.4PP065_0571_P74.AccessAndSecurity.CertificateStore.CertificateRevocationLists"
    Type="Package"
    LastWriteTime="133386437171480393" />
  <Object
    Path="C:\Users\Denis\Desktop\7 sem\Pomer\lab1_GGO\Physical\Config1\4PP065_0571_P74\AccessAndSecurity\CertificateStore\CertificateSigningRequests\Package.pkg"
    LogicalPath="Config1.4PP065_0571_P74.AccessAndSecurity.CertificateStore.CertificateSigningRequests"
    Type="Package"
    LastWriteTime="133386437171480393" />
  <Object
    Path="C:\Users\Denis\Desktop\7 sem\Pomer\lab1_GGO\Physical\Config1\4PP065_0571_P74\AccessAndSecurity\TransportLayerSecurity\Package.pkg"
    LogicalPath="Config1.4PP065_0571_P74.AccessAndSecurity.TransportLayerSecurity"
    Type="Package"
    LastWriteTime="133386437171636617" />
  <Object
    Path="C:\Users\Denis\Desktop\7 sem\Pomer\lab1_GGO\Physical\Config1\4PP065_0571_P74\mappControl\Package.pkg"
    LogicalPath="Config1.4PP065_0571_P74.mappControl"
    Type="Package"
    LastWriteTime="133386437171792819" />
  <Object
    Path="C:\Users\Denis\Desktop\7 sem\Pomer\lab1_GGO\Physical\Config1\4PP065_0571_P74\mappMotion\Package.pkg"
    LogicalPath="Config1.4PP065_0571_P74.mappMotion"
    Type="Package"
    LastWriteTime="133386437171949039" />
  <Object
    Path="C:\Users\Denis\Desktop\7 sem\Pomer\lab1_GGO\Physical\Config1\4PP065_0571_P74\mappServices\Package.pkg"
    LogicalPath="Config1.4PP065_0571_P74.mappServices"
    Type="Package"
    LastWriteTime="133386437172105252" />
  <Object
    Path="C:\Users\Denis\Desktop\7 sem\Pomer\lab1_GGO\Physical\Config1\4PP065_0571_P74\mappView\Package.pkg"
    LogicalPath="Config1.4PP065_0571_P74.mappView"
    Type="Package"
    LastWriteTime="133386437172261460" />
  <Object
    Path="C:\Users\Denis\Desktop\7 sem\Pomer\lab1_GGO\Physical\Config1\4PP065_0571_P74\mappCockpit\Package.pkg"
    LogicalPath="Config1.4PP065_0571_P74.mappCockpit"
    Type="Package"
    LastWriteTime="133386437172417956" />
  <Object
    Path="C:\Users\Denis\Desktop\7 sem\Pomer\lab1_GGO\Physical\Config1\Hardware.jpg"
    LogicalPath="Config1.Hardware.jpg"
    Type="File"
    LastWriteTime="133411496207705664"
    Private="false" />
</Objects>