C:\Users\Denis\Desktop\7 sem\Pomer\lab1_GGO\Logical\Global.typ
C:\Users\Denis\Desktop\7 sem\Pomer\lab1_GGO\Logical\Global.var
C:\Users\Denis\Desktop\7 sem\Pomer\lab1_GGO\Logical\Libraries\operator\operator.fun
C:\Users\Denis\Desktop\7 sem\Pomer\lab1_GGO\Logical\Libraries\operator\operator.typ
C:\Users\Denis\Desktop\7 sem\Pomer\lab1_GGO\Logical\Libraries\operator\operator.var
C:\Users\Denis\Desktop\7 sem\Pomer\lab1_GGO\Logical\Libraries\runtime\runtime.fun
C:\Users\Denis\Desktop\7 sem\Pomer\lab1_GGO\Logical\Libraries\runtime\runtime.typ
C:\Users\Denis\Desktop\7 sem\Pomer\lab1_GGO\Logical\Libraries\runtime\runtime.var
C:\Users\Denis\Desktop\7 sem\Pomer\lab1_GGO\Logical\Libraries\astime\astime.fun
C:\Users\Denis\Desktop\7 sem\Pomer\lab1_GGO\Logical\Libraries\astime\astime.typ
C:\Users\Denis\Desktop\7 sem\Pomer\lab1_GGO\Logical\Libraries\astime\astime.var
C:\Users\Denis\Desktop\7 sem\Pomer\lab1_GGO\Logical\Libraries\AsIecCon\AsIecCon.fun
C:\Users\Denis\Desktop\7 sem\Pomer\lab1_GGO\Logical\Libraries\AsIecCon\AsIecCon.typ
C:\Users\Denis\Desktop\7 sem\Pomer\lab1_GGO\Logical\Libraries\AsIecCon\AsIecCon.var
C:\Users\Denis\Desktop\7 sem\Pomer\lab1_GGO\Logical\Libraries\Coollb\Types.typ
C:\Users\Denis\Desktop\7 sem\Pomer\lab1_GGO\Logical\Libraries\Coollb\Constants.var
C:\Users\Denis\Desktop\7 sem\Pomer\lab1_GGO\Logical\Libraries\Coollb\Coollb.fun
